// Jest Snapshot v1, https://goo.gl/fbAQLP

exports[`formatKeystoneTime matches snapshot 1`] = `"00:00.001"`;

exports[`formatKeystoneTime matches snapshot 2`] = `"00:00.010"`;

exports[`formatKeystoneTime matches snapshot 3`] = `"00:00.100"`;

exports[`formatKeystoneTime matches snapshot 4`] = `"00:01.000"`;

exports[`formatKeystoneTime matches snapshot 5`] = `"00:10.000"`;

exports[`formatKeystoneTime matches snapshot 6`] = `"01:40.000"`;

exports[`formatKeystoneTime matches snapshot 7`] = `"16:40.000"`;

exports[`formatTimeLeft matches snapshot 1`] = `"00:11.011"`;

exports[`formatTimeLeft matches snapshot 2`] = `"00:17.034"`;

exports[`formatTimeLeft matches snapshot 3`] = `"00:23.069"`;

exports[`formatTimeLeft matches snapshot 4`] = `"00:29.116"`;

exports[`formatTimeLeft matches snapshot 5`] = `"00:35.175"`;

exports[`formatTimeLeft matches snapshot 6`] = `"00:41.246"`;

exports[`formatTimeLeft matches snapshot 7`] = `"00:47.329"`;

exports[`formatTimeLeft matches snapshot 8`] = `"00:53.424"`;

exports[`formatTimeLeft matches snapshot 9`] = `"00:59.531"`;

exports[`formatTimeLeft matches snapshot 10`] = `"01:05.650"`;
